// Jest Snapshot v1, https://goo.gl/fbAQLP

exports[`UserAvatar renders with base props 1`] = `
<div
  className="lab-narrow-sidebar__avatar"
>
  <div
    className="lab-narrow-sidebar__avatar-photo"
  >
    <img
      alt="text"
      src="src"
    />
  </div>
  <div
    className="lab-narrow-sidebar__avatar-text"
  >
    <span>
      text
    </span>
    <span
      className="lab-narrow-sidebar__avatar-caption"
    >
      caption
    </span>
  </div>
</div>
`;
