// Jest Snapshot v1, https://goo.gl/fbAQLP

exports[`TagDropdown renders as expected when passing color as teal 1`] = `
<div
  className="lab-dropdown"
  onBlur={[Function]}
>
  <button
    aria-selected={false}
    className="lab-tag lab-tag--dropdown lab-tag--outline lab-tag--teal-pale"
    disabled={false}
    id=""
    onClick={[Function]}
    onKeyDown={[Function]}
    role="listbox"
    type="button"
    value=""
  >
    Click me
    <span
      className="lab-tag__dropdown-icon-wrapper"
    >
      <span
        className="lab-icon lab-icon--dropdown-closed lab-icon--black-75 lab-icon--petit lab-tag--dropdown-icon"
      />
    </span>
  </button>
  <div
    aria-labelledby="menu-button--menu--idTest"
    className="lab-dropdown__content lab-dropdown__listbox "
    id="menu--idTest"
    role="menu"
    tabIndex="-1"
  >
    <span
      className="lab-dropdown__section-title lab-dropdown__section-title--color-teal"
    >
      First Section
    </span>
    <div
      className="lab-dropdown__option "
      id="lab-dropdown__option--1"
    >
      <button
        aria-selected={false}
        className="lab-tag lab-tag--togglable lab-tag--pale"
        disabled={false}
        id="1"
        onClick={[Function]}
        onKeyDown={[Function]}
        role="option"
        tabIndex="-1"
        type="button"
        value="1"
      >
        One
      </button>
    </div>
    <div
      className="lab-dropdown__option "
      id="lab-dropdown__option--2"
    >
      <button
        aria-selected={false}
        className="lab-tag lab-tag--togglable lab-tag--pale"
        disabled={false}
        id="2"
        onClick={[Function]}
        onKeyDown={[Function]}
        role="option"
        tabIndex="-1"
        type="button"
        value="2"
      >
        Two
      </button>
    </div>
    <div
      className="lab-dropdown__option "
      id="lab-dropdown__option--3"
    >
      <button
        aria-selected={false}
        className="lab-tag lab-tag--togglable lab-tag--pale"
        disabled={false}
        id="3"
        onClick={[Function]}
        onKeyDown={[Function]}
        role="option"
        tabIndex="-1"
        type="button"
        value="3"
      >
        Three
      </button>
    </div>
  </div>
</div>
`;

exports[`TagDropdown renders with base props 1`] = `
<div
  className="lab-dropdown"
  onBlur={[Function]}
>
  <button
    aria-selected={false}
    className="lab-tag lab-tag--dropdown lab-tag--outline lab-tag--teal-pale"
    disabled={false}
    id=""
    onClick={[Function]}
    onKeyDown={[Function]}
    role="listbox"
    type="button"
    value=""
  >
    Click me
    <span
      className="lab-tag__dropdown-icon-wrapper"
    >
      <span
        className="lab-icon lab-icon--dropdown-closed lab-icon--black-75 lab-icon--petit lab-tag--dropdown-icon"
      />
    </span>
  </button>
  <div
    aria-labelledby="menu-button--menu--idTest"
    className="lab-dropdown__content lab-dropdown__listbox "
    id="menu--idTest"
    role="menu"
    tabIndex="-1"
  >
    <span
      className="lab-dropdown__section-title lab-dropdown__section-title--color-teal"
    >
      First Section
    </span>
    <div
      className="lab-dropdown__option "
      id="lab-dropdown__option--1"
    >
      <button
        aria-selected={false}
        className="lab-tag lab-tag--togglable lab-tag--pale"
        disabled={false}
        id="1"
        onClick={[Function]}
        onKeyDown={[Function]}
        role="option"
        tabIndex="-1"
        type="button"
        value="1"
      >
        One
      </button>
    </div>
    <div
      className="lab-dropdown__option "
      id="lab-dropdown__option--2"
    >
      <button
        aria-selected={false}
        className="lab-tag lab-tag--togglable lab-tag--pale"
        disabled={false}
        id="2"
        onClick={[Function]}
        onKeyDown={[Function]}
        role="option"
        tabIndex="-1"
        type="button"
        value="2"
      >
        Two
      </button>
    </div>
    <div
      className="lab-dropdown__option "
      id="lab-dropdown__option--3"
    >
      <button
        aria-selected={false}
        className="lab-tag lab-tag--togglable lab-tag--pale"
        disabled={false}
        id="3"
        onClick={[Function]}
        onKeyDown={[Function]}
        role="option"
        tabIndex="-1"
        type="button"
        value="3"
      >
        Three
      </button>
    </div>
  </div>
</div>
`;
